<?xml version="1.0" encoding="UTF-8"?>
<testsuites name="Mocha Tests" time="0" tests="0" failures="1">
  <testsuite name="Root Suite" timestamp="2016-06-24T15:07:21" tests="0" failures="1" time="0">
    <testcase name="Root Suite &quot;before all&quot; hook" time="0" classname="&quot;before all&quot; hook">
      <failure><![CDATA[Error: The dialect sqlite is not supported. Supported dialects: mariadb, mssql, mysql, postgres, and sqlite. (Error: Please install sqlite3 package manually)
    at new Sequelize (node_modules/sails-hook-sequelize/node_modules/sequelize/lib/sequelize.js:209:11)
    at Hook.initialize (node_modules/sails-hook-sequelize/index.js:24:19)
    at Hook.bound [as initialize] (node_modules/sails/node_modules/lodash/dist/lodash.js:729:21)
    at node_modules/sails/lib/hooks/index.js:74:14
    at node_modules/sails/node_modules/async/lib/async.js:451:17
    at node_modules/sails/node_modules/async/lib/async.js:441:17
    at _each (node_modules/sails/node_modules/async/lib/async.js:46:13)
    at Immediate.taskComplete (node_modules/sails/node_modules/async/lib/async.js:440:13)
    at Immediate._onImmediate (node_modules/sails-hook-sequelize/node_modules/continuation-local-storage/node_modules/async-listener/glue.js:188:31)]]></failure>
    </testcase>
  </testsuite>
</testsuites>